// Jest Snapshot v1, https://goo.gl/fbAQLP

exports[`Check it returns a div 1`] = `<div />`;

exports[`Drawer renders 1`] = `<div />`;
